// Jest Snapshot v1, https://goo.gl/fbAQLP

exports[`ProductImage debe de mostrar el componente correctamente 1`] = `
<img
  alt=""
  className="productImg class custom"
  src="./coffee-mug.png"
/>
`;
